[INFO] Scanning for projects...
[INFO]                                                                         
[INFO] ------------------------------------------------------------------------
[INFO] Building backend-template 0.0.1-SNAPSHOT
[INFO] ------------------------------------------------------------------------
[INFO] 
[INFO] --- maven-clean-plugin:3.3.2:clean (default-clean) @ backend-template ---
[INFO] Deleting D:\Users\17246\Desktop\research-system\backend\target
[INFO] 
[INFO] --- maven-resources-plugin:3.3.1:resources (default-resources) @ backend-template ---
[INFO] Copying 1 resource from src\main\resources to target\classes
[INFO] Copying 9 resources from src\main\resources to target\classes
[INFO] 
[INFO] --- maven-compiler-plugin:3.11.0:compile (default-compile) @ backend-template ---
[INFO] Changes detected - recompiling the module! :source
[INFO] Compiling 85 source files with javac [debug release 17] to target\classes
[INFO] 由于在类路径中发现了一个或多个处理程序，因此启用了
  批注处理。未来发行版的 javac 可能会禁用批注处理，
  除非至少按名称指定了一个处理程序 (-processor)，
  或指定了搜索路径 (--processor-path, --processor-module-path)，
  或显式启用了批注处理 (-proc:only, -proc:full)。
  可使用 -Xlint:-options 隐藏此消息。
  可使用 -proc:none 禁用批注处理。
[INFO] -------------------------------------------------------------
[WARNING] COMPILATION WARNING : 
[INFO] -------------------------------------------------------------
[WARNING] 未知的枚举常量 javax.annotation.meta.When.MAYBE
  原因: 找不到javax.annotation.meta.When的类文件
[WARNING] 未知的枚举常量 javax.annotation.meta.When.MAYBE
  原因: 找不到javax.annotation.meta.When的类文件
[WARNING] 未知的枚举常量 javax.annotation.meta.When.MAYBE
  原因: 找不到javax.annotation.meta.When的类文件
[WARNING] 未知的枚举常量 javax.annotation.meta.When.MAYBE
  原因: 找不到javax.annotation.meta.When的类文件
[INFO] 4 warnings 
[INFO] -------------------------------------------------------------
[INFO] -------------------------------------------------------------
[ERROR] COMPILATION ERROR : 
[INFO] -------------------------------------------------------------
[ERROR] /D:/Users/17246/Desktop/research-system/backend/src/main/java/com/acha/project/service/impl/StatisticsServiceImpl.java:[12,24] 程序包javax.annotation不存在
[ERROR] /D:/Users/17246/Desktop/research-system/backend/src/main/java/com/acha/project/controller/StatisticsController.java:[18,24] 程序包javax.annotation不存在
[ERROR] /D:/Users/17246/Desktop/research-system/backend/src/main/java/com/acha/project/service/impl/StatisticsServiceImpl.java:[19,6] 找不到符号
  符号:   类 Resource
  位置: 类 com.acha.project.service.impl.StatisticsServiceImpl
[ERROR] /D:/Users/17246/Desktop/research-system/backend/src/main/java/com/acha/project/controller/StatisticsController.java:[34,6] 找不到符号
  符号:   类 Resource
  位置: 类 com.acha.project.controller.StatisticsController
[INFO] 4 errors 
[INFO] -------------------------------------------------------------
[INFO] ------------------------------------------------------------------------
[INFO] BUILD FAILURE
[INFO] ------------------------------------------------------------------------
[INFO] Total time: 11.714 s
[INFO] Finished at: 2026-03-20T23:52:37+08:00
[INFO] Final Memory: 33M/120M
[INFO] ------------------------------------------------------------------------
[ERROR] Failed to execute goal org.apache.maven.plugins:maven-compiler-plugin:3.11.0:compile (default-compile) on project backend-template: Compilation failure: Compilation failure:
[ERROR] /D:/Users/17246/Desktop/research-system/backend/src/main/java/com/acha/project/service/impl/StatisticsServiceImpl.java:[12,24] 程序包javax.annotation不存在
[ERROR] /D:/Users/17246/Desktop/research-system/backend/src/main/java/com/acha/project/controller/StatisticsController.java:[18,24] 程序包javax.annotation不存在
[ERROR] /D:/Users/17246/Desktop/research-system/backend/src/main/java/com/acha/project/service/impl/StatisticsServiceImpl.java:[19,6] 找不到符号
[ERROR] 符号:   类 Resource
[ERROR] 位置: 类 com.acha.project.service.impl.StatisticsServiceImpl
[ERROR] /D:/Users/17246/Desktop/research-system/backend/src/main/java/com/acha/project/controller/StatisticsController.java:[34,6] 找不到符号
[ERROR] 符号:   类 Resource
[ERROR] 位置: 类 com.acha.project.controller.StatisticsController
[ERROR] -> [Help 1]
[ERROR] 
[ERROR] To see the full stack trace of the errors, re-run Maven with the -e switch.
[ERROR] Re-run Maven using the -X switch to enable full debug logging.
[ERROR] 
[ERROR] For more information about the errors and possible solutions, please read the following articles:
[ERROR] [Help 1] http://cwiki.apache.org/confluence/display/MAVEN/MojoFailureException
